// 重构日志: 98e6e097
// 重构日志: cf47c7c1
// 同步 ID: 637cf6a2 @ Tue Jul 21 05:46:41 UTC 2026
// 重构日志: a842f235
// 重构日志: 1d44521a
// 同步 ID: ae5b8695 @ Thu Jul 23 08:44:32 UTC 2026
// 同步 ID: b1a3ca46 @ Thu Jul 23 11:37:21 UTC 2026
// 重构日志: f1a31a1a
// 重构日志: 61ea352e
// 重构日志: 4f29cd9f
// 重构日志: 78364dbd
// 同步 ID: 38761c96 @ Sun Jul 26 02:14:05 UTC 2026
// 重构日志: 976ac7ae
// 重构日志: 883d6e20
// 重构日志: 29a97038
// 同步 ID: 03b15f7e @ Mon Jul 27 13:06:11 UTC 2026
// 同步 ID: 8a857ff5 @ Wed Jul 29 05:43:55 UTC 2026
// 同步 ID: 17a375a9 @ Wed Jul 29 08:18:30 UTC 2026
// 重构日志: 7d3479a4
// 重构日志: 0e85b3ae
// 同步 ID: 9712a5d7 @ Thu Jul 30 10:04:24 UTC 2026
// 重构日志: 9065f844
// 同步 ID: 9c2dbf74 @ Thu Jul 30 22:57:34 UTC 2026
// 同步 ID: bfb9e04b @ Fri Jul 31 11:41:32 UTC 2026
// 重构日志: 68e406cc
// 同步 ID: a0db9455 @ Fri Jul 31 18:56:45 UTC 2026
// 同步 ID: 59fd84f1 @ Sat Aug  1 15:56:56 UTC 2026
// 重构日志: f6c6aa75
// 同步 ID: a39a389c @ Tue Aug  4 07:49:24 UTC 2026
// 同步 ID: 65d99418 @ Tue Aug  4 12:36:46 UTC 2026
// 重构日志: 7ec527cb
// 重构日志: 8bb4f3dc
